[akinco.framer.website/index.html]
[backblue.gif]
[fade.gif]
[index.html]
[framerusercontent.com/images/PqQO6sXG2LdnBL2bFbWwJsC8c.png]
[framerusercontent.com/assets/PqQO6sXG2LdnBL2bFbWwJsC8c.png]
[framerusercontent.com/images/rR6HYXBrMmX4cRpXfXUOvpvpB0.png]
[framerusercontent.com/images/sMfTEqQUsGHY5VdAk9f4tDMfSbM17f5.png]
[framerusercontent.com/images/5x6hfE7wHfsI0PfqSHPKaOV8AQk.png]
[framerusercontent.com/images/DUtrThKRwr64cPaT1idf1oSQvFk.png]
[framerusercontent.com/images/oqHElNjsc7b0dQsgqsbgjYlr4M17f5.png]
[framerusercontent.com/images/E0I8zzHUgaEfCQDK7l9ISd8FnKw17f5.png]
[framerusercontent.com/images/ZVPKXPVOU9SBAXzEi073jWZ7BnY.png]
[framerusercontent.com/images/iibHHtcHwkrHWydnF8cMzJdtyI.png]
[framerusercontent.com/images/JdH7dzqqJ3Xk1q1a1bbT9CPnKF8.png]
[framerusercontent.com/images/nayPDAUKCTqWQDVPtgbaINQang.png]
[framerusercontent.com/images/82V0lDZt5IN8w9i1157kfT8pSU.jpg]
[framerusercontent.com/images/eF7qKwpzq2blkJosmdLeBzF0aYo.png]
[framerusercontent.com/images/hYzBmCLwMlwLxUVya093BocmE.png]
[framerusercontent.com/images/UlzZi7Dd7txMrOquJLbf9wyEiig.jpg]
[akinco.framer.website/work/optimizing-a-corporate-intranet.html]
[framerusercontent.com/images/f5MuWx0FCFMO5EU2udk4ezsIs.png]
[framerusercontent.com/images/FoLc9u1imfvk1xAzSzwIbCPcTHQ.png]
[framerusercontent.com/images/Y1hHthCTPz6YNLIhonp2E5s5WU.jpg]
[framerusercontent.com/images/ScOmNWPOLfXmHkEhlWgm363rnkM.gif]
[akinco.framer.website/index.html]
[akinco.framer.website/work/[object Object].15.delayed]
[framerusercontent.com/images/RA6Ph3mIjGZTgKxZQA3kn1jXca3fc.jpg]
[framerusercontent.com/images/kdUhmUbML76S5EA2G0BsnDP20.jpg]
[framerusercontent.com/images/9SopRwL5RxVNHQDvHy2w8akmM.jpg]
[framerusercontent.com/images/Pxfjp142gBOSoN5QAIirhUygA17f5.png]
[framerusercontent.com/images/TPaNAECLGszNKIgydxoQyi8w8nw17f5.png]
[framerusercontent.com/images/d8F2mKwloCaOe9ppv1eCSnDUo.png]
[framerusercontent.com/images/HmBMlHkeEZXQBLyDiqXgKUV3Oo.png]
[framerusercontent.com/images/iZc2qjySs7SPZ2gWZym8Gfo5Gpg.png]
[framerusercontent.com/images/6GgdsSkCor4OpF1GzK3sJ9ChKs.png]
[framerusercontent.com/images/nMnWoT6CRXWEDIQ0J9raCIcdoRwa3fc.jpg]
[framerusercontent.com/images/MrOmfC7ZJuhJ4CbfMCOXXE9TcIwa3fc.jpg]
[framerusercontent.com/images/2D2Eq1zgnc5pDzEi95NENlTy6oQa3fc.jpg]
[akinco.framer.website/work/optimizing-a-corporate-intranet.html]
[akinco.framer.website/work/[object Object].html]
